V3 3
FL C:/Users/Jason/Repos/CountBtn/src/CountBtn.vhd 2011/08/24.14:48:21 O.61xd
EN work/CountBtn 1314222505 FL C:/Users/Jason/Repos/CountBtn/src/CountBtn.vhd \
      PB ieee/std_logic_1164 1308643377 PB ieee/STD_LOGIC_UNSIGNED 1308643379
AR work/CountBtn/Behavioral 1314222506 \
      FL C:/Users/Jason/Repos/CountBtn/src/CountBtn.vhd EN work/CountBtn 1314222505
